12:27:28  [SMX]  Dilution tracker — ticker=SMX stage=all events_since=2020-05-08
12:27:28  [SMX]  Identity of the Edgar REST client set to [Peter Pagac quarkus7@gmail.com]
12:27:29  [SMX]  resolved SMX → CIK 1940674 SMX (SMX (Security Matters) Public Ltd Co)
12:27:29  [SMX]  STAGE index
12:27:29  [SMX]  Identity of the Edgar REST client set to [Peter Pagac quarkus7@gmail.com]
12:27:30  [SMX]    513 relevant filings since 2020-05-08
12:27:30  [SMX]  STAGE unit
12:27:30  [SMX]  Identity of the Edgar REST client set to [Peter Pagac quarkus7@gmail.com]
12:27:36  [SMX]  Identity of the Edgar REST client set to [Peter Pagac quarkus7@gmail.com]
12:27:38  [SMX]    unit ctx — is_fpi=1 ads_ratio=None reporting_unit=ads
12:27:38  [SMX]  STAGE fetch
12:27:38  [SMX]  Identity of the Edgar REST client set to [Peter Pagac quarkus7@gmail.com]
12:27:38  [SMX]    fetch concurrency=3 over 485 filings
12:27:42  [SMX]    classify PRIMARY/form6-k.htm [0001493152-26-015562] → KEEP
12:27:43  [SMX]    classify PRIMARY/form6-k.htm [0001493152-26-015231] → DROP
12:27:46  [SMX]    classify PRIMARY/form6-k.htm [0001493152-26-021807] → KEEP
12:27:48  [SMX]  TOC detection found 20 sections
12:27:48  [SMX]  TOC detection successful: 20 sections found
12:27:48  [SMX]    classify PRIMARY/form6-k.htm [0001493152-26-010058] → DROP
12:27:49  [SMX]    20-F 0001493152-26-011985 section-select fallback: kept_chars 1848 below floor 5000
12:27:50  [SMX]    classify PRIMARY/form6-k.htm [0001493152-26-018961] → KEEP
12:27:50  [SMX]    classify PRIMARY/form6-k.htm [0001493152-26-009308] → DROP
12:27:51  [SMX]    classify PRIMARY/form6-k.htm [0001493152-26-009184] → DROP
12:27:51  [SMX]    classify PRIMARY/form6-k.htm [0001493152-26-007770] → DROP
12:27:51  [SMX]    classify PRIMARY/form6-k.htm [0001493152-26-007439] → DROP
12:27:54  [SMX]    classify EX-10.71/ex10-71.htm [0001493152-26-008355] → KEEP
12:27:54  [SMX]    classify PRIMARY/form6-k.htm [0001493152-26-006812] → DROP
12:27:54  [SMX]    classify EX-10.73/ex10-73.htm [0001493152-26-008355] → KEEP
12:27:55  [SMX]    classify PRIMARY/form6-k.htm [0001493152-26-006333] → KEEP
12:27:55  [SMX]    classify PRIMARY/form6-k.htm [0001493152-26-005474] → KEEP
12:27:55  [SMX]    classify PRIMARY/form6-k.htm [0001493152-26-003549] → DROP
12:27:56  [SMX]    classify PRIMARY/form6-k.htm [0001493152-26-002583] → DROP
12:27:56  [SMX]    fetched 23/485 filings, 45 docs total (err=0)
12:27:56  [SMX]    classify PRIMARY/form6-k.htm [0001493152-26-000932] → DROP
Traceback (most recent call last):
  File "/usr/lib/python3.12/asyncio/runners.py", line 118, in run
    return self._loop.run_until_complete(task)
           ^^^^^^^^^^^^^^^^^^^^^^^^^^^^^^^^^^^
  File "/usr/lib/python3.12/asyncio/base_events.py", line 687, in run_until_complete
    return future.result()
           ^^^^^^^^^^^^^^^
  File "/home/peter/finviz/dilution/dilution/fetch_raw.py", line 364, in _run_fetch
    await asyncio.gather(*[
  File "/home/peter/finviz/dilution/dilution/fetch_raw.py", line 315, in _fetch_worker
    n = await _fetch_filing_text_async(accession, client)
        ^^^^^^^^^^^^^^^^^^^^^^^^^^^^^^^^^^^^^^^^^^^^^^^^^
  File "/home/peter/finviz/dilution/dilution/fetch_raw.py", line 164, in _fetch_filing_text_async
    filing = await asyncio.to_thread(get_by_accession_number, accession)
             ^^^^^^^^^^^^^^^^^^^^^^^^^^^^^^^^^^^^^^^^^^^^^^^^^^^^^^^^^^^
  File "/usr/lib/python3.12/asyncio/threads.py", line 25, in to_thread
    return await loop.run_in_executor(None, func_call)
           ^^^^^^^^^^^^^^^^^^^^^^^^^^^^^^^^^^^^^^^^^^^
asyncio.exceptions.CancelledError

During handling of the above exception, another exception occurred:

Traceback (most recent call last):
  File "/home/peter/finviz/dilution/run_dilution.py", line 106, in <module>
    main()
  File "/home/peter/finviz/dilution/run_dilution.py", line 85, in main
    fetch_extractable_for_cik(cik, since_date=since,
  File "/home/peter/finviz/dilution/dilution/fetch_raw.py", line 393, in fetch_extractable_for_cik
    return asyncio.run(_run_fetch(cik, since_date, limit, concurrency))
           ^^^^^^^^^^^^^^^^^^^^^^^^^^^^^^^^^^^^^^^^^^^^^^^^^^^^^^^^^^^^
  File "/usr/lib/python3.12/asyncio/runners.py", line 194, in run
    return runner.run(main)
           ^^^^^^^^^^^^^^^^
  File "/usr/lib/python3.12/asyncio/runners.py", line 123, in run
    raise KeyboardInterrupt()
KeyboardInterrupt
